2147483647
4294967295
2415919103
2684354559
2415919089
2147483649
4294967294
2415919088
2147483647
