value is 'Test'
new value is 'Another test'
ChildClass and the value is 'not interesting'