2147483647
1.9999999995343
1.1249999995343
1.2499999995343
1.1249999930151
1.0000000004657
4294967294
-1879048208
2147483647
